Commands:
	1. ADD
	2. SEARCH
	3. EXIT
Select command ( 1-3 ): Enter your first name: Enter your last name: Enter your nickname: Enter your phone number: Enter your darkest secret: Added contact successfully.
Commands:
	1. ADD
	2. SEARCH
	3. EXIT
Select command ( 1-3 ):      Index|First Name| Last Name|  Nickname|
         1|         a|         a|         a|
Enter index ( 1-1 or 'b' to go back ): [ ERROR ] Index must be an integer between 1 and 1
Enter index ( 1-1 or 'b' to go back ): [ ERROR ] Index must be an integer between 1 and 1
Enter index ( 1-1 or 'b' to go back ): [ ERROR ] Index must be an integer between 1 and 1
Enter index ( 1-1 or 'b' to go back ): First name:	a
Last name:	a
Nick name:	a
Phone number:	a
Darkest secret:	a
Commands:
	1. ADD
	2. SEARCH
	3. EXIT
Select command ( 1-3 ): [ WARNING ] Closing PhoneBook, all contacts will be deleted forever.
Are you sure about that ? ( y/n ): [ WARNING ] All PhoneBook contacts are now deleted. Good bye.
