Commands:
	1. ADD
	2. SEARCH
	3. EXIT
Select command ( 1-3 ): [ WARNING ] Closing PhoneBook, all contacts will be deleted forever.
Are you sure about that ? ( y/n ): [ ERROR ] Please choose between 'y' or 'n' and press 'Enter': [ ERROR ] Please choose between 'y' or 'n' and press 'Enter': [ WARNING ] All PhoneBook contacts are now deleted. Good bye.
